
##########################################
# Build CG Protein Model: Python version #
#   Yang Jiang & Edward P. O'Brien Jr.   #
#            Dept. of Chemistry          #
#          Penn State University         #
##########################################

Configuration:
pdbfile = ../../../P32461_clean.pdb
casm = 0
nscal = 1.0000
fnn = 1.0000
potential_name = bt
domain_file = domain_def.dat
sc_prefix = B
ca_prefix = A

domain_file is defined, nscal will be ignored.

3 domain(s) defined in the Domain file domain_def.dat
Domain information:
Domain 1: 1 to 148
Domain 2: 149 to 283
Domain 3: 284 to 534

The average BT interaction energy is 0.6676

Reading in PDB file ../../../P32461_clean.pdb
Assign domain id to each atom

Create psf
Create cor
Create top

Determining native contacts
Finished calculating distance matrix
Determining side-chains - side-chains contacts
Determining backbone - side-chains contacts
# nat sc-sc contacts 671, # nat bb-sc contacts 935, and  # non-nat sc-sc 140575
Determining the presence of hydrogen bonds using STRIDE
# of unique Hbonds 280

Create prm

All done.
